---
source: src/cli/init.rs
assertion_line: 99
expression: content
---
{
  "$schema": "https://biwa.takuk.me/schema/config.json",
  "env": {
    "vars": []
  },
  "hooks": {
    "post_sync": null,
    "pre_sync": null
  },
  "ssh": {
    "host": "example.com",
    "key_path": null,
    "port": 22,
    "user": "user"
  },
  "sync": {
    "ignore_files": [
      ".git",
      "target",
      "node_modules"
    ],
    "remote_root": "~/.cache/biwa/projects"
  }
}
